Archive member included to satisfy reference by file (symbol)

E:/Program Files/ST/STM32CubeIDE_2.0.0/STM32CubeIDE/plugins/com.st.stm32cube.ide.mcu.externaltools.gnu-tools-for-stm32.13.3.rel1.win32_1.0.100.202509120712/tools/bin/../lib/gcc/arm-none-eabi/13.3.1/../../../../arm-none-eabi/lib/thumb/v8-m.main+fp/hard\libc_nano.a(libc_a-exit.o)
                              E:/Program Files/ST/STM32CubeIDE_2.0.0/STM32CubeIDE/plugins/com.st.stm32cube.ide.mcu.externaltools.gnu-tools-for-stm32.13.3.rel1.win32_1.0.100.202509120712/tools/bin/../lib/gcc/arm-none-eabi/13.3.1/../../../../arm-none-eabi/lib/thumb/v8-m.main+fp/hard/crt0.o (exit)
E:/Program Files/ST/STM32CubeIDE_2.0.0/STM32CubeIDE/plugins/com.st.stm32cube.ide.mcu.externaltools.gnu-tools-for-stm32.13.3.rel1.win32_1.0.100.202509120712/tools/bin/../lib/gcc/arm-none-eabi/13.3.1/../../../../arm-none-eabi/lib/thumb/v8-m.main+fp/hard\libc_nano.a(libc_a-findfp.o)
                              E:/Program Files/ST/STM32CubeIDE_2.0.0/STM32CubeIDE/plugins/com.st.stm32cube.ide.mcu.externaltools.gnu-tools-for-stm32.13.3.rel1.win32_1.0.100.202509120712/tools/bin/../lib/gcc/arm-none-eabi/13.3.1/../../../../arm-none-eabi/lib/thumb/v8-m.main+fp/hard\libc_nano.a(libc_a-exit.o) (__stdio_exit_handler)
E:/Program Files/ST/STM32CubeIDE_2.0.0/STM32CubeIDE/plugins/com.st.stm32cube.ide.mcu.externaltools.gnu-tools-for-stm32.13.3.rel1.win32_1.0.100.202509120712/tools/bin/../lib/gcc/arm-none-eabi/13.3.1/../../../../arm-none-eabi/lib/thumb/v8-m.main+fp/hard\libc_nano.a(libc_a-fwalk.o)
                              E:/Program Files/ST/STM32CubeIDE_2.0.0/STM32CubeIDE/plugins/com.st.stm32cube.ide.mcu.externaltools.gnu-tools-for-stm32.13.3.rel1.win32_1.0.100.202509120712/tools/bin/../lib/gcc/arm-none-eabi/13.3.1/../../../../arm-none-eabi/lib/thumb/v8-m.main+fp/hard\libc_nano.a(libc_a-findfp.o) (_fwalk_sglue)
E:/Program Files/ST/STM32CubeIDE_2.0.0/STM32CubeIDE/plugins/com.st.stm32cube.ide.mcu.externaltools.gnu-tools-for-stm32.13.3.rel1.win32_1.0.100.202509120712/tools/bin/../lib/gcc/arm-none-eabi/13.3.1/../../../../arm-none-eabi/lib/thumb/v8-m.main+fp/hard\libc_nano.a(libc_a-stdio.o)
                              E:/Program Files/ST/STM32CubeIDE_2.0.0/STM32CubeIDE/plugins/com.st.stm32cube.ide.mcu.externaltools.gnu-tools-for-stm32.13.3.rel1.win32_1.0.100.202509120712/tools/bin/../lib/gcc/arm-none-eabi/13.3.1/../../../../arm-none-eabi/lib/thumb/v8-m.main+fp/hard\libc_nano.a(libc_a-findfp.o) (__sread)
E:/Program Files/ST/STM32CubeIDE_2.0.0/STM32CubeIDE/plugins/com.st.stm32cube.ide.mcu.externaltools.gnu-tools-for-stm32.13.3.rel1.win32_1.0.100.202509120712/tools/bin/../lib/gcc/arm-none-eabi/13.3.1/../../../../arm-none-eabi/lib/thumb/v8-m.main+fp/hard\libc_nano.a(libc_a-memset.o)
                              E:/Program Files/ST/STM32CubeIDE_2.0.0/STM32CubeIDE/plugins/com.st.stm32cube.ide.mcu.externaltools.gnu-tools-for-stm32.13.3.rel1.win32_1.0.100.202509120712/tools/bin/../lib/gcc/arm-none-eabi/13.3.1/../../../../arm-none-eabi/lib/thumb/v8-m.main+fp/hard/crt0.o (memset)
E:/Program Files/ST/STM32CubeIDE_2.0.0/STM32CubeIDE/plugins/com.st.stm32cube.ide.mcu.externaltools.gnu-tools-for-stm32.13.3.rel1.win32_1.0.100.202509120712/tools/bin/../lib/gcc/arm-none-eabi/13.3.1/../../../../arm-none-eabi/lib/thumb/v8-m.main+fp/hard\libc_nano.a(libc_a-closer.o)
                              E:/Program Files/ST/STM32CubeIDE_2.0.0/STM32CubeIDE/plugins/com.st.stm32cube.ide.mcu.externaltools.gnu-tools-for-stm32.13.3.rel1.win32_1.0.100.202509120712/tools/bin/../lib/gcc/arm-none-eabi/13.3.1/../../../../arm-none-eabi/lib/thumb/v8-m.main+fp/hard\libc_nano.a(libc_a-stdio.o) (_close_r)
E:/Program Files/ST/STM32CubeIDE_2.0.0/STM32CubeIDE/plugins/com.st.stm32cube.ide.mcu.externaltools.gnu-tools-for-stm32.13.3.rel1.win32_1.0.100.202509120712/tools/bin/../lib/gcc/arm-none-eabi/13.3.1/../../../../arm-none-eabi/lib/thumb/v8-m.main+fp/hard\libc_nano.a(libc_a-reent.o)
                              E:/Program Files/ST/STM32CubeIDE_2.0.0/STM32CubeIDE/plugins/com.st.stm32cube.ide.mcu.externaltools.gnu-tools-for-stm32.13.3.rel1.win32_1.0.100.202509120712/tools/bin/../lib/gcc/arm-none-eabi/13.3.1/../../../../arm-none-eabi/lib/thumb/v8-m.main+fp/hard\libc_nano.a(libc_a-closer.o) (errno)
E:/Program Files/ST/STM32CubeIDE_2.0.0/STM32CubeIDE/plugins/com.st.stm32cube.ide.mcu.externaltools.gnu-tools-for-stm32.13.3.rel1.win32_1.0.100.202509120712/tools/bin/../lib/gcc/arm-none-eabi/13.3.1/../../../../arm-none-eabi/lib/thumb/v8-m.main+fp/hard\libc_nano.a(libc_a-impure.o)
                              E:/Program Files/ST/STM32CubeIDE_2.0.0/STM32CubeIDE/plugins/com.st.stm32cube.ide.mcu.externaltools.gnu-tools-for-stm32.13.3.rel1.win32_1.0.100.202509120712/tools/bin/../lib/gcc/arm-none-eabi/13.3.1/../../../../arm-none-eabi/lib/thumb/v8-m.main+fp/hard\libc_nano.a(libc_a-reent.o) (_impure_ptr)
[...]
Memory Configuration

Name             Origin             Length             Attributes
RAM              0x20000000         0x00008000         xrw
FLASH            0x08000000         0x00020000         xr
*default*        0x00000000         0xffffffff

Linker script and memory map

LOAD E:/Program Files/ST/STM32CubeIDE_2.0.0/STM32CubeIDE/plugins/com.st.stm32cube.ide.mcu.externaltools.gnu-tools-for-stm32.13.3.rel1.win32_1.0.100.202509120712/tools/bin/../lib/gcc/arm-none-eabi/13.3.1/thumb/v8-m.main+fp/hard/crti.o
LOAD E:/Program Files/ST/STM32CubeIDE_2.0.0/STM32CubeIDE/plugins/com.st.stm32cube.ide.mcu.externaltools.gnu-tools-for-stm32.13.3.rel1.win32_1.0.100.202509120712/tools/bin/../lib/gcc/arm-none-eabi/13.3.1/thumb/v8-m.main+fp/hard/crtbegin.o
LOAD E:/Program Files/ST/STM32CubeIDE_2.0.0/STM32CubeIDE/plugins/com.st.stm32cube.ide.mcu.externaltools.gnu-tools-for-stm32.13.3.rel1.win32_1.0.100.202509120712/tools/bin/../lib/gcc/arm-none-eabi/13.3.1/../../../../arm-none-eabi/lib/thumb/v8-m.main+fp/hard/crt0.o
LOAD ./Core/Src/main.o
LOAD ./Core/Src/stm32h5xx_hal_msp.o
LOAD ./Core/Src/stm32h5xx_it.o
LOAD ./Core/Src/syscalls.o
LOAD ./Core/Src/sysmem.o
LOAD ./Core/Src/system_stm32h5xx.o
LOAD ./Core/Startup/startup_stm32h503rbtx.o
LOAD ./Drivers/BSP/STM32H5xx_Nucleo/stm32h5xx_nucleo.o
LOAD ./Drivers/STM32H5xx_HAL_Driver/Src/stm32h5xx_hal.o
LOAD ./Drivers/STM32H5xx_HAL_Driver/Src/stm32h5xx_hal_cortex.o
LOAD ./Drivers/STM32H5xx_HAL_Driver/Src/stm32h5xx_hal_dma.o
LOAD ./Drivers/STM32H5xx_HAL_Driver/Src/stm32h5xx_hal_dma_ex.o
LOAD ./Drivers/STM32H5xx_HAL_Driver/Src/stm32h5xx_hal_exti.o
LOAD ./Drivers/STM32H5xx_HAL_Driver/Src/stm32h5xx_hal_flash.o
LOAD ./Drivers/STM32H5xx_HAL_Driver/Src/stm32h5xx_hal_flash_ex.o
LOAD ./Drivers/STM32H5xx_HAL_Driver/Src/stm32h5xx_hal_gpio.o
LOAD ./Drivers/STM32H5xx_HAL_Driver/Src/stm32h5xx_hal_pwr.o
LOAD ./Drivers/STM32H5xx_HAL_Driver/Src/stm32h5xx_hal_pwr_ex.o
LOAD ./Drivers/STM32H5xx_HAL_Driver/Src/stm32h5xx_hal_rcc.o
LOAD ./Drivers/STM32H5xx_HAL_Driver/Src/stm32h5xx_hal_rcc_ex.o
LOAD ./Drivers/STM32H5xx_HAL_Driver/Src/stm32h5xx_hal_uart.o
LOAD ./Drivers/STM32H5xx_HAL_Driver/Src/stm32h5xx_hal_uart_ex.o
LOAD ./Drivers/STM32H5xx_HAL_Driver/Src/stm32h5xx_hal_usart.o
LOAD ./Drivers/STM32H5xx_HAL_Driver/Src/stm32h5xx_hal_usart_ex.o
START GROUP
LOAD E:/Program Files/ST/STM32CubeIDE_2.0.0/STM32CubeIDE/plugins/com.st.stm32cube.ide.mcu.externaltools.gnu-tools-for-stm32.13.3.rel1.win32_1.0.100.202509120712/tools/bin/../lib/gcc/arm-none-eabi/13.3.1/../../../../arm-none-eabi/lib/thumb/v8-m.main+fp/hard\libc_nano.a
LOAD E:/Program Files/ST/STM32CubeIDE_2.0.0/STM32CubeIDE/plugins/com.st.stm32cube.ide.mcu.externaltools.gnu-tools-for-stm32.13.3.rel1.win32_1.0.100.202509120712/tools/bin/../lib/gcc/arm-none-eabi/13.3.1/../../../../arm-none-eabi/lib/thumb/v8-m.main+fp/hard\libm.a
END GROUP
START GROUP
LOAD E:/Program Files/ST/STM32CubeIDE_2.0.0/STM32CubeIDE/plugins/com.st.stm32cube.ide.mcu.externaltools.gnu-tools-for-stm32.13.3.rel1.win32_1.0.100.202509120712/tools/bin/../lib/gcc/arm-none-eabi/13.3.1/thumb/v8-m.main+fp/hard\libgcc.a
LOAD E:/Program Files/ST/STM32CubeIDE_2.0.0/STM32CubeIDE/plugins/com.st.stm32cube.ide.mcu.externaltools.gnu-tools-for-stm32.13.3.rel1.win32_1.0.100.202509120712/tools/bin/../lib/gcc/arm-none-eabi/13.3.1/../../../../arm-none-eabi/lib/thumb/v8-m.main+fp/hard\libc_nano.a
END GROUP
START GROUP
LOAD E:/Program Files/ST/STM32CubeIDE_2.0.0/STM32CubeIDE/plugins/com.st.stm32cube.ide.mcu.externaltools.gnu-tools-for-stm32.13.3.rel1.win32_1.0.100.202509120712/tools/bin/../lib/gcc/arm-none-eabi/13.3.1/thumb/v8-m.main+fp/hard\libgcc.a
LOAD E:/Program Files/ST/STM32CubeIDE_2.0.0/STM32CubeIDE/plugins/com.st.stm32cube.ide.mcu.externaltools.gnu-tools-for-stm32.13.3.rel1.win32_1.0.100.202509120712/tools/bin/../lib/gcc/arm-none-eabi/13.3.1/../../../../arm-none-eabi/lib/thumb/v8-m.main+fp/hard\libc_nano.a
LOAD E:/Program Files/ST/STM32CubeIDE_2.0.0/STM32CubeIDE/plugins/com.st.stm32cube.ide.mcu.externaltools.gnu-tools-for-stm32.13.3.rel1.win32_1.0.100.202509120712/tools/bin/../lib/gcc/arm-none-eabi/13.3.1/../../../../arm-none-eabi/lib/thumb/v8-m.main+fp/hard\libnosys.a
END GROUP
START GROUP
LOAD E:/Program Files/ST/STM32CubeIDE_2.0.0/STM32CubeIDE/plugins/com.st.stm32cube.ide.mcu.externaltools.gnu-tools-for-stm32.13.3.rel1.win32_1.0.100.202509120712/tools/bin/../lib/gcc/arm-none-eabi/13.3.1/thumb/v8-m.main+fp/hard\libgcc.a
LOAD E:/Program Files/ST/STM32CubeIDE_2.0.0/STM32CubeIDE/plugins/com.st.stm32cube.ide.mcu.externaltools.gnu-tools-for-stm32.13.3.rel1.win32_1.0.100.202509120712/tools/bin/../lib/gcc/arm-none-eabi/13.3.1/../../../../arm-none-eabi/lib/thumb/v8-m.main+fp/hard\libc_nano.a
LOAD E:/Program Files/ST/STM32CubeIDE_2.0.0/STM32CubeIDE/plugins/com.st.stm32cube.ide.mcu.externaltools.gnu-tools-for-stm32.13.3.rel1.win32_1.0.100.202509120712/tools/bin/../lib/gcc/arm-none-eabi/13.3.1/../../../../arm-none-eabi/lib/thumb/v8-m.main+fp/hard\libnosys.a
END GROUP
LOAD E:/Program Files/ST/STM32CubeIDE_2.0.0/STM32CubeIDE/plugins/com.st.stm32cube.ide.mcu.externaltools.gnu-tools-for-stm32.13.3.rel1.win32_1.0.100.202509120712/tools/bin/../lib/gcc/arm-none-eabi/13.3.1/thumb/v8-m.main+fp/hard/crtend.o
LOAD E:/Program Files/ST/STM32CubeIDE_2.0.0/STM32CubeIDE/plugins/com.st.stm32cube.ide.mcu.externaltools.gnu-tools-for-stm32.13.3.rel1.win32_1.0.100.202509120712/tools/bin/../lib/gcc/arm-none-eabi/13.3.1/thumb/v8-m.main+fp/hard/crtn.o
                0x20008000                        _estack = (ORIGIN (RAM) + LENGTH (RAM))
                0x00000200                        _Min_Heap_Size = 0x200
                0x00000400                        _Min_Stack_Size = 0x400

.isr_vector     0x08000000      0x258
                0x08000000                        . = ALIGN (0x4)
 *(.isr_vector)
 .isr_vector    0x08000000      0x258 ./Core/Startup/startup_stm32h503rbtx.o
                0x08000000                g_pfnVectors
                0x08000258                        . = ALIGN (0x4)

.text           0x08000258     0x1afc
                0x08000258                        . = ALIGN (0x4)
 *(.text)
 .text          0x08000258       0x40 E:/Program Files/ST/STM32CubeIDE_2.0.0/STM32CubeIDE/plugins/com.st.stm32cube.ide.mcu.externaltools.gnu-tools-for-stm32.13.3.rel1.win32_1.0.100.202509120712/tools/bin/../lib/gcc/arm-none-eabi/13.3.1/thumb/v8-m.main+fp/hard/crtbegin.o
 *(.text*)
 .text.main     0x08000298       0x36 ./Core/Src/main.o
                0x08000298                main
 *fill*         0x080002ce        0x2 
 .text.SystemClock_Config
                0x080002d0       0xe0 ./Core/Src/main.o
                0x080002d0                SystemClock_Config
 .text.MX_GPIO_Init
                0x080003b0       0xa4 ./Core/Src/main.o
 .text.Error_Handler
                0x08000454        0xc ./Core/Src/main.o
                0x08000454                Error_Handler
 .text.HAL_MspInit
                0x08000460        0xe ./Core/Src/stm32h5xx_hal_msp.o
                0x08000460                HAL_MspInit
 .text.NMI_Handler
                0x0800046e        0x8 ./Core/Src/stm32h5xx_it.o
                0x0800046e                NMI_Handler
 .text.HardFault_Handler
                0x08000476        0x8 ./Core/Src/stm32h5xx_it.o
                0x08000476                HardFault_Handler
 .text.MemManage_Handler
                0x0800047e        0x8 ./Core/Src/stm32h5xx_it.o
                0x0800047e                MemManage_Handler
 .text.BusFault_Handler
                0x08000486        0x8 ./Core/Src/stm32h5xx_it.o
                0x08000486                BusFault_Handler
 .text.UsageFault_Handler
                0x0800048e        0x8 ./Core/Src/stm32h5xx_it.o
                0x0800048e                UsageFault_Handler
 .text.SVC_Handler
                0x08000496        0xe ./Core/Src/stm32h5xx_it.o
                0x08000496                SVC_Handler
 .text.DebugMon_Handler
                0x080004a4        0xe ./Core/Src/stm32h5xx_it.o
                0x080004a4                DebugMon_Handler
 .text.PendSV_Handler
                0x080004b2        0xe ./Core/Src/stm32h5xx_it.o
                0x080004b2                PendSV_Handler
 .text.SysTick_Handler
                0x080004c0        0xc ./Core/Src/stm32h5xx_it.o
                0x080004c0                SysTick_Handler
 .text.SystemInit
                0x080004cc       0xe4 ./Core/Src/system_stm32h5xx.o
                0x080004cc                SystemInit
 .text.Reset_Handler
                0x080005b0       0x50 ./Core/Startup/startup_stm32h503rbtx.o
                0x080005b0                Reset_Handler
 .text.Default_Handler
                0x08000600        0x2 ./Core/Startup/startup_stm32h503rbtx.o
                0x08000600                EXTI2_IRQHandler
                0x08000600                EXTI5_IRQHandler
                0x08000600                I3C1_ER_IRQHandler
                0x08000600                GPDMA2_Channel1_IRQHandler
                0x08000600                EXTI13_IRQHandler
                0x08000600                TIM1_CC_IRQHandler
                0x08000600                GPDMA2_Channel3_IRQHandler
                0x08000600                TAMP_IRQHandler
                0x08000600                TIM6_IRQHandler
                0x08000600                EXTI12_IRQHandler
                0x08000600                USB_DRD_FS_IRQHandler
                0x08000600                EXTI3_IRQHandler
                0x08000600                GPDMA1_Channel5_IRQHandler
                0x08000600                EXTI8_IRQHandler
                0x08000600                GPDMA2_Channel5_IRQHandler
                0x08000600                LPTIM2_IRQHandler
                0x08000600                GPDMA2_Channel2_IRQHandler
                0x08000600                EXTI0_IRQHandler
                0x08000600                I2C2_EV_IRQHandler
                0x08000600                FPU_IRQHandler
                0x08000600                GPDMA1_Channel3_IRQHandler
                0x08000600                GPDMA1_Channel7_IRQHandler
                0x08000600                FDCAN1_IT1_IRQHandler
                0x08000600                RAMCFG_IRQHandler
                0x08000600                SPI1_IRQHandler
                0x08000600                GPDMA1_Channel2_IRQHandler
                0x08000600                ADC1_IRQHandler
                0x08000600                I3C2_ER_IRQHandler
                0x08000600                EXTI15_IRQHandler
                0x08000600                USART3_IRQHandler
                0x08000600                RTC_IRQHandler
                0x08000600                EXTI9_IRQHandler
                0x08000600                I3C2_EV_IRQHandler
                0x08000600                I2C1_EV_IRQHandler
                0x08000600                GPDMA1_Channel1_IRQHandler
                0x08000600                TIM3_IRQHandler
                0x08000600                RCC_IRQHandler
                0x08000600                TIM1_TRG_COM_IRQHandler
                0x08000600                Default_Handler
                0x08000600                GPDMA2_Channel4_IRQHandler
                0x08000600                TIM7_IRQHandler
                0x08000600                GPDMA1_Channel0_IRQHandler
                0x08000600                I3C1_EV_IRQHandler
                0x08000600                PVD_AVD_IRQHandler
                0x08000600                SPI2_IRQHandler
                0x08000600                EXTI14_IRQHandler
                0x08000600                EXTI11_IRQHandler
                0x08000600                CRS_IRQHandler
                0x08000600                EXTI4_IRQHandler
                0x08000600                GPDMA2_Channel0_IRQHandler
                0x08000600                RNG_IRQHandler
                0x08000600                GPDMA2_Channel6_IRQHandler
                0x08000600                TIM1_UP_IRQHandler
                0x08000600                WWDG_IRQHandler
                0x08000600                IWDG_IRQHandler
                0x08000600                LPUART1_IRQHandler
                0x08000600                FDCAN1_IT0_IRQHandler
                0x08000600                TIM2_IRQHandler
                0x08000600                GPDMA1_Channel4_IRQHandler
                0x08000600                EXTI7_IRQHandler
                0x08000600                TIM1_BRK_IRQHandler
                0x08000600                EXTI1_IRQHandler
                0x08000600                DAC1_IRQHandler
                0x08000600                DTS_IRQHandler
                0x08000600                GTZC_IRQHandler
                0x08000600                USART2_IRQHandler
                0x08000600                GPDMA1_Channel6_IRQHandler
                0x08000600                GPDMA2_Channel7_IRQHandler
                0x08000600                I2C2_ER_IRQHandler
                0x08000600                FLASH_IRQHandler
                0x08000600                USART1_IRQHandler
                0x08000600                EXTI10_IRQHandler
                0x08000600                SPI3_IRQHandler
                0x08000600                I2C1_ER_IRQHandler
                0x08000600                EXTI6_IRQHandler
                0x08000600                COMP1_IRQHandler
                0x08000600                LPTIM1_IRQHandler
                0x08000600                ICACHE_IRQHandler
                0x08000600                HASH_IRQHandler
 *fill*         0x08000602        0x2 
 .text.BSP_LED_Init
                0x08000604       0x88 ./Drivers/BSP/STM32H5xx_Nucleo/stm32h5xx_nucleo.o
                0x08000604                BSP_LED_Init
 .text.BSP_LED_Toggle
                0x0800068c       0x3c ./Drivers/BSP/STM32H5xx_Nucleo/stm32h5xx_nucleo.o
                0x0800068c                BSP_LED_Toggle
 .text.HAL_Init
                0x080006c8       0x50 ./Drivers/STM32H5xx_HAL_Driver/Src/stm32h5xx_hal.o
                0x080006c8                HAL_Init
 .text.HAL_InitTick
                0x08000718       0xec ./Drivers/STM32H5xx_HAL_Driver/Src/stm32h5xx_hal.o
                0x08000718                HAL_InitTick
 .text.HAL_IncTick
                0x08000804       0x28 ./Drivers/STM32H5xx_HAL_Driver/Src/stm32h5xx_hal.o
                0x08000804                HAL_IncTick
 .text.HAL_GetTick
                0x0800082c       0x18 ./Drivers/STM32H5xx_HAL_Driver/Src/stm32h5xx_hal.o
                0x0800082c                HAL_GetTick
 .text.HAL_Delay
                0x08000844       0x48 ./Drivers/STM32H5xx_HAL_Driver/Src/stm32h5xx_hal.o
                0x08000844                HAL_Delay
 .text.__NVIC_SetPriorityGrouping
                0x0800088c       0x48 ./Drivers/STM32H5xx_HAL_Driver/Src/stm32h5xx_hal_cortex.o
 .text.__NVIC_GetPriorityGrouping
                0x080008d4       0x1c ./Drivers/STM32H5xx_HAL_Driver/Src/stm32h5xx_hal_cortex.o
 .text.__NVIC_SetPriority
                0x080008f0       0x54 ./Drivers/STM32H5xx_HAL_Driver/Src/stm32h5xx_hal_cortex.o
 .text.NVIC_EncodePriority
                0x08000944       0x66 ./Drivers/STM32H5xx_HAL_Driver/Src/stm32h5xx_hal_cortex.o
 .text.HAL_NVIC_SetPriorityGrouping
                0x080009aa       0x16 ./Drivers/STM32H5xx_HAL_Driver/Src/stm32h5xx_hal_cortex.o
                0x080009aa                HAL_NVIC_SetPriorityGrouping
 .text.HAL_NVIC_SetPriority
                0x080009c0       0x34 ./Drivers/STM32H5xx_HAL_Driver/Src/stm32h5xx_hal_cortex.o
                0x080009c0                HAL_NVIC_SetPriority
 .text.HAL_SYSTICK_Config
                0x080009f4       0x44 ./Drivers/STM32H5xx_HAL_Driver/Src/stm32h5xx_hal_cortex.o
                0x080009f4                HAL_SYSTICK_Config
 .text.HAL_SYSTICK_CLKSourceConfig
                0x08000a38       0xb0 ./Drivers/STM32H5xx_HAL_Driver/Src/stm32h5xx_hal_cortex.o
                0x08000a38                HAL_SYSTICK_CLKSourceConfig
 .text.HAL_SYSTICK_GetCLKSourceConfig
                0x08000ae8       0x6c ./Drivers/STM32H5xx_HAL_Driver/Src/stm32h5xx_hal_cortex.o
                0x08000ae8                HAL_SYSTICK_GetCLKSourceConfig
 .text.HAL_GPIO_Init
                0x08000b54      0x2bc ./Drivers/STM32H5xx_HAL_Driver/Src/stm32h5xx_hal_gpio.o
                0x08000b54                HAL_GPIO_Init
 .text.HAL_GPIO_WritePin
                0x08000e10       0x30 ./Drivers/STM32H5xx_HAL_Driver/Src/stm32h5xx_hal_gpio.o
                0x08000e10                HAL_GPIO_WritePin
 .text.HAL_GPIO_TogglePin
                0x08000e40       0x34 ./Drivers/STM32H5xx_HAL_Driver/Src/stm32h5xx_hal_gpio.o
                0x08000e40                HAL_GPIO_TogglePin
 .text.HAL_RCC_OscConfig
                0x08000e74      0x870 ./Drivers/STM32H5xx_HAL_Driver/Src/stm32h5xx_hal_rcc.o
                0x08000e74                HAL_RCC_OscConfig
 .text.HAL_RCC_ClockConfig
                0x080016e4      0x370 ./Drivers/STM32H5xx_HAL_Driver/Src/stm32h5xx_hal_rcc.o
                0x080016e4                HAL_RCC_ClockConfig
 .text.HAL_RCC_GetSysClockFreq
                0x08001a54      0x258 ./Drivers/STM32H5xx_HAL_Driver/Src/stm32h5xx_hal_rcc.o
                0x08001a54                HAL_RCC_GetSysClockFreq
 .text.HAL_RCC_GetHCLKFreq
                0x08001cac       0x38 ./Drivers/STM32H5xx_HAL_Driver/Src/stm32h5xx_hal_rcc.o
                0x08001cac                HAL_RCC_GetHCLKFreq
 .text.memset   0x08001ce4       0x10 E:/Program Files/ST/STM32CubeIDE_2.0.0/STM32CubeIDE/plugins/com.st.stm32cube.ide.mcu.externaltools.gnu-tools-for-stm32.13.3.rel1.win32_1.0.100.202509120712/tools/bin/../lib/gcc/arm-none-eabi/13.3.1/../../../../arm-none-eabi/lib/thumb/v8-m.main+fp/hard\libc_nano.a(libc_a-memset.o)
                0x08001ce4                memset
 .text.__libc_init_array
                0x08001cf4       0x48 E:/Program Files/ST/STM32CubeIDE_2.0.0/STM32CubeIDE/plugins/com.st.stm32cube.ide.mcu.externaltools.gnu-tools-for-stm32.13.3.rel1.win32_1.0.100.202509120712/tools/bin/../lib/gcc/arm-none-eabi/13.3.1/../../../../arm-none-eabi/lib/thumb/v8-m.main+fp/hard\libc_nano.a(libc_a-init.o)
                0x08001cf4                __libc_init_array
 *(.glue_7)
 .glue_7        0x08001d3c        0x0 linker stubs
 *(.glue_7t)
 .glue_7t       0x08001d3c        0x0 linker stubs
 *(.eh_frame)
 .eh_frame      0x08001d3c        0x0 E:/Program Files/ST/STM32CubeIDE_2.0.0/STM32CubeIDE/plugins/com.st.stm32cube.ide.mcu.externaltools.gnu-tools-for-stm32.13.3.rel1.win32_1.0.100.202509120712/tools/bin/../lib/gcc/arm-none-eabi/13.3.1/thumb/v8-m.main+fp/hard/crtbegin.o
 *(.init)
 .init          0x08001d3c        0x4 E:/Program Files/ST/STM32CubeIDE_2.0.0/STM32CubeIDE/plugins/com.st.stm32cube.ide.mcu.externaltools.gnu-tools-for-stm32.13.3.rel1.win32_1.0.100.202509120712/tools/bin/../lib/gcc/arm-none-eabi/13.3.1/thumb/v8-m.main+fp/hard/crti.o
                0x08001d3c                _init
 .init          0x08001d40        0x8 E:/Program Files/ST/STM32CubeIDE_2.0.0/STM32CubeIDE/plugins/com.st.stm32cube.ide.mcu.externaltools.gnu-tools-for-stm32.13.3.rel1.win32_1.0.100.202509120712/tools/bin/../lib/gcc/arm-none-eabi/13.3.1/thumb/v8-m.main+fp/hard/crtn.o
 *(.fini)
 .fini          0x08001d48        0x4 E:/Program Files/ST/STM32CubeIDE_2.0.0/STM32CubeIDE/plugins/com.st.stm32cube.ide.mcu.externaltools.gnu-tools-for-stm32.13.3.rel1.win32_1.0.100.202509120712/tools/bin/../lib/gcc/arm-none-eabi/13.3.1/thumb/v8-m.main+fp/hard/crti.o
                0x08001d48                _fini
 .fini          0x08001d4c        0x8 E:/Program Files/ST/STM32CubeIDE_2.0.0/STM32CubeIDE/plugins/com.st.stm32cube.ide.mcu.externaltools.gnu-tools-for-stm32.13.3.rel1.win32_1.0.100.202509120712/tools/bin/../lib/gcc/arm-none-eabi/13.3.1/thumb/v8-m.main+fp/hard/crtn.o
                0x08001d54                        . = ALIGN (0x4)
                0x08001d54                        _etext = .

.vfp11_veneer   0x08001d54        0x0
 .vfp11_veneer  0x08001d54        0x0 linker stubs

.v4_bx          0x08001d54        0x0
 .v4_bx         0x08001d54        0x0 linker stubs

.iplt           0x08001d54        0x0
 .iplt          0x08001d54        0x0 E:/Program Files/ST/STM32CubeIDE_2.0.0/STM32CubeIDE/plugins/com.st.stm32cube.ide.mcu.externaltools.gnu-tools-for-stm32.13.3.rel1.win32_1.0.100.202509120712/tools/bin/../lib/gcc/arm-none-eabi/13.3.1/thumb/v8-m.main+fp/hard/crtbegin.o

.rodata         0x08001d54       0x10
                0x08001d54                        . = ALIGN (0x4)
 *(.rodata)
 *(.rodata*)
 .rodata.AHBPrescTable
                0x08001d54       0x10 ./Core/Src/system_stm32h5xx.o
                0x08001d54                AHBPrescTable
                0x08001d64                        . = ALIGN (0x4)

.ARM.extab      0x08001d64        0x0
                0x08001d64                        . = ALIGN (0x4)
 *(.ARM.extab* .gnu.linkonce.armextab.*)
                0x08001d64                        . = ALIGN (0x4)

.ARM            0x08001d64        0x0
                0x08001d64                        . = ALIGN (0x4)
                0x08001d64                        __exidx_start = .
 *(.ARM.exidx*)
                0x08001d64                        __exidx_end = .
                0x08001d64                        . = ALIGN (0x4)

.preinit_array  0x08001d64        0x0
                0x08001d64                        . = ALIGN (0x4)
                0x08001d64                        PROVIDE (__preinit_array_start = .)
 *(.preinit_array*)
                0x08001d64                        PROVIDE (__preinit_array_end = .)
                0x08001d64                        . = ALIGN (0x4)

.init_array     0x08001d64        0x4
                0x08001d64                        . = ALIGN (0x4)
                0x08001d64                        PROVIDE (__init_array_start = .)
 *(SORT_BY_NAME(.init_array.*))
 *(.init_array*)
 .init_array    0x08001d64        0x4 E:/Program Files/ST/STM32CubeIDE_2.0.0/STM32CubeIDE/plugins/com.st.stm32cube.ide.mcu.externaltools.gnu-tools-for-stm32.13.3.rel1.win32_1.0.100.202509120712/tools/bin/../lib/gcc/arm-none-eabi/13.3.1/thumb/v8-m.main+fp/hard/crtbegin.o
                0x08001d68                        PROVIDE (__init_array_end = .)
                0x08001d68                        . = ALIGN (0x4)

.fini_array     0x08001d68        0x4
                0x08001d68                        . = ALIGN (0x4)
                [!provide]                        PROVIDE (__fini_array_start = .)
 *(SORT_BY_NAME(.fini_array.*))
 *(.fini_array*)
 .fini_array    0x08001d68        0x4 E:/Program Files/ST/STM32CubeIDE_2.0.0/STM32CubeIDE/plugins/com.st.stm32cube.ide.mcu.externaltools.gnu-tools-for-stm32.13.3.rel1.win32_1.0.100.202509120712/tools/bin/../lib/gcc/arm-none-eabi/13.3.1/thumb/v8-m.main+fp/hard/crtbegin.o
                [!provide]                        PROVIDE (__fini_array_end = .)
                0x08001d6c                        . = ALIGN (0x4)
                0x08001d6c                        _sidata = LOADADDR (.data)

.rel.dyn        0x08001d6c        0x0
 .rel.iplt      0x08001d6c        0x0 E:/Program Files/ST/STM32CubeIDE_2.0.0/STM32CubeIDE/plugins/com.st.stm32cube.ide.mcu.externaltools.gnu-tools-for-stm32.13.3.rel1.win32_1.0.100.202509120712/tools/bin/../lib/gcc/arm-none-eabi/13.3.1/thumb/v8-m.main+fp/hard/crtbegin.o

.data           0x20000000       0x10 load address 0x08001d6c
                0x20000000                        . = ALIGN (0x4)
                0x20000000                        _sdata = .
 *(.data)
 *(.data*)
 .data.SystemCoreClock
                0x20000000        0x4 ./Core/Src/system_stm32h5xx.o
                0x20000000                SystemCoreClock
 .data.LED_PORT
                0x20000004        0x4 ./Drivers/BSP/STM32H5xx_Nucleo/stm32h5xx_nucleo.o
 .data.uwTickPrio
                0x20000008        0x4 ./Drivers/STM32H5xx_HAL_Driver/Src/stm32h5xx_hal.o
                0x20000008                uwTickPrio
 .data.uwTickFreq
                0x2000000c        0x1 ./Drivers/STM32H5xx_HAL_Driver/Src/stm32h5xx_hal.o
                0x2000000c                uwTickFreq
 *(.RamFunc)
 *(.RamFunc*)
                0x20000010                        . = ALIGN (0x4)
 *fill*         0x2000000d        0x3 
                0x20000010                        _edata = .

.igot.plt       0x20000010        0x0 load address 0x08001d7c
 .igot.plt      0x20000010        0x0 E:/Program Files/ST/STM32CubeIDE_2.0.0/STM32CubeIDE/plugins/com.st.stm32cube.ide.mcu.externaltools.gnu-tools-for-stm32.13.3.rel1.win32_1.0.100.202509120712/tools/bin/../lib/gcc/arm-none-eabi/13.3.1/thumb/v8-m.main+fp/hard/crtbegin.o
                0x20000010                        . = ALIGN (0x4)

.bss            0x20000010       0x20 load address 0x08001d7c
                0x20000010                        _sbss = .
                0x20000010                        __bss_start__ = _sbss
 *(.bss)
 .bss           0x20000010       0x1c E:/Program Files/ST/STM32CubeIDE_2.0.0/STM32CubeIDE/plugins/com.st.stm32cube.ide.mcu.externaltools.gnu-tools-for-stm32.13.3.rel1.win32_1.0.100.202509120712/tools/bin/../lib/gcc/arm-none-eabi/13.3.1/thumb/v8-m.main+fp/hard/crtbegin.o
 *(.bss*)
 .bss.uwTick    0x2000002c        0x4 ./Drivers/STM32H5xx_HAL_Driver/Src/stm32h5xx_hal.o
                0x2000002c                uwTick
 *(COMMON)
                0x20000030                        . = ALIGN (0x4)
                0x20000030                        _ebss = .
                0x20000030                        __bss_end__ = _ebss

._user_heap_stack
                0x20000030      0x600 load address 0x08001d7c
                0x20000030                        . = ALIGN (0x8)
                [!provide]                        PROVIDE (end = .)
                0x20000030                        PROVIDE (_end = .)
                0x20000230                        . = (. + _Min_Heap_Size)
 *fill*         0x20000030      0x200 
                0x20000630                        . = (. + _Min_Stack_Size)
 *fill*         0x20000230      0x400 
                0x20000630                        . = ALIGN (0x8)

/DISCARD/
 libc.a(*)
 libm.a(*)
 libgcc.a(*)

.ARM.attributes
                0x00000000       0x36
 *(.ARM.attributes)
 .ARM.attributes
                0x00000000       0x26 E:/Program Files/ST/STM32CubeIDE_2.0.0/STM32CubeIDE/plugins/com.st.stm32cube.ide.mcu.externaltools.gnu-tools-for-stm32.13.3.rel1.win32_1.0.100.202509120712/tools/bin/../lib/gcc/arm-none-eabi/13.3.1/thumb/v8-m.main+fp/hard/crti.o
 .ARM.attributes
                0x00000026       0x38 E:/Program Files/ST/STM32CubeIDE_2.0.0/STM32CubeIDE/plugins/com.st.stm32cube.ide.mcu.externaltools.gnu-tools-for-stm32.13.3.rel1.win32_1.0.100.202509120712/tools/bin/../lib/gcc/arm-none-eabi/13.3.1/thumb/v8-m.main+fp/hard/crtbegin.o
 .ARM.attributes
                0x0000005e       0x3a ./Core/Src/main.o
 .ARM.attributes
                0x00000098       0x3a ./Core/Src/stm32h5xx_hal_msp.o
 .ARM.attributes
                0x000000d2       0x3a ./Core/Src/stm32h5xx_it.o
 .ARM.attributes
                0x0000010c       0x3a ./Core/Src/system_stm32h5xx.o
 .ARM.attributes
                0x00000146       0x24 ./Core/Startup/startup_stm32h503rbtx.o
 .ARM.attributes
                0x0000016a       0x3a ./Drivers/BSP/STM32H5xx_Nucleo/stm32h5xx_nucleo.o
 .ARM.attributes
                0x000001a4       0x3a ./Drivers/STM32H5xx_HAL_Driver/Src/stm32h5xx_hal.o
 .ARM.attributes
                0x000001de       0x3a ./Drivers/STM32H5xx_HAL_Driver/Src/stm32h5xx_hal_cortex.o
 .ARM.attributes
                0x00000218       0x3a ./Drivers/STM32H5xx_HAL_Driver/Src/stm32h5xx_hal_gpio.o
 .ARM.attributes
                0x00000252       0x3a ./Drivers/STM32H5xx_HAL_Driver/Src/stm32h5xx_hal_rcc.o
 .ARM.attributes
                0x0000028c       0x38 E:/Program Files/ST/STM32CubeIDE_2.0.0/STM32CubeIDE/plugins/com.st.stm32cube.ide.mcu.externaltools.gnu-tools-for-stm32.13.3.rel1.win32_1.0.100.202509120712/tools/bin/../lib/gcc/arm-none-eabi/13.3.1/../../../../arm-none-eabi/lib/thumb/v8-m.main+fp/hard\libc_nano.a(libc_a-memset.o)
 .ARM.attributes
                0x000002c4       0x38 E:/Program Files/ST/STM32CubeIDE_2.0.0/STM32CubeIDE/plugins/com.st.stm32cube.ide.mcu.externaltools.gnu-tools-for-stm32.13.3.rel1.win32_1.0.100.202509120712/tools/bin/../lib/gcc/arm-none-eabi/13.3.1/../../../../arm-none-eabi/lib/thumb/v8-m.main+fp/hard\libc_nano.a(libc_a-init.o)
 .ARM.attributes
                0x000002fc       0x26 E:/Program Files/ST/STM32CubeIDE_2.0.0/STM32CubeIDE/plugins/com.st.stm32cube.ide.mcu.externaltools.gnu-tools-for-stm32.13.3.rel1.win32_1.0.100.202509120712/tools/bin/../lib/gcc/arm-none-eabi/13.3.1/thumb/v8-m.main+fp/hard/crtn.o
OUTPUT(LED_BLINK_1.0.elf elf32-littlearm)
LOAD linker stubs
LOAD E:/Program Files/ST/STM32CubeIDE_2.0.0/STM32CubeIDE/plugins/com.st.stm32cube.ide.mcu.externaltools.gnu-tools-for-stm32.13.3.rel1.win32_1.0.100.202509120712/tools/bin/../lib/gcc/arm-none-eabi/13.3.1/../../../../arm-none-eabi/lib/thumb/v8-m.main+fp/hard\libc.a
LOAD E:/Program Files/ST/STM32CubeIDE_2.0.0/STM32CubeIDE/plugins/com.st.stm32cube.ide.mcu.externaltools.gnu-tools-for-stm32.13.3.rel1.win32_1.0.100.202509120712/tools/bin/../lib/gcc/arm-none-eabi/13.3.1/../../../../arm-none-eabi/lib/thumb/v8-m.main+fp/hard\libm.a
LOAD E:/Program Files/ST/STM32CubeIDE_2.0.0/STM32CubeIDE/plugins/com.st.stm32cube.ide.mcu.externaltools.gnu-tools-for-stm32.13.3.rel1.win32_1.0.100.202509120712/tools/bin/../lib/gcc/arm-none-eabi/13.3.1/thumb/v8-m.main+fp/hard\libgcc.a

.debug_info     0x00000000     0x654d
 .debug_info    0x00000000      0xd37 ./Core/Src/main.o
 .debug_info    0x00000d37       0x9f ./Core/Src/stm32h5xx_hal_msp.o
 .debug_info    0x00000dd6      0x128 ./Core/Src/stm32h5xx_it.o
 .debug_info    0x00000efe      0xc0b ./Core/Src/system_stm32h5xx.o
 .debug_info    0x00001b09       0x30 ./Core/Startup/startup_stm32h503rbtx.o
 .debug_info    0x00001b39      0xe00 ./Drivers/BSP/STM32H5xx_Nucleo/stm32h5xx_nucleo.o
 .debug_info    0x00002939     0x1069 ./Drivers/STM32H5xx_HAL_Driver/Src/stm32h5xx_hal.o
 .debug_info    0x000039a2     0x1522 ./Drivers/STM32H5xx_HAL_Driver/Src/stm32h5xx_hal_cortex.o
 .debug_info    0x00004ec4      0x6aa ./Drivers/STM32H5xx_HAL_Driver/Src/stm32h5xx_hal_gpio.o
 .debug_info    0x0000556e      0xfdf ./Drivers/STM32H5xx_HAL_Driver/Src/stm32h5xx_hal_rcc.o

.debug_abbrev   0x00000000     0x110d
 .debug_abbrev  0x00000000      0x218 ./Core/Src/main.o
 .debug_abbrev  0x00000218       0x45 ./Core/Src/stm32h5xx_hal_msp.o
 .debug_abbrev  0x0000025d       0x73 ./Core/Src/stm32h5xx_it.o
 .debug_abbrev  0x000002d0      0x13a ./Core/Src/system_stm32h5xx.o
 .debug_abbrev  0x0000040a       0x24 ./Core/Startup/startup_stm32h503rbtx.o
 .debug_abbrev  0x0000042e      0x2b9 ./Drivers/BSP/STM32H5xx_Nucleo/stm32h5xx_nucleo.o
 .debug_abbrev  0x000006e7      0x2ac ./Drivers/STM32H5xx_HAL_Driver/Src/stm32h5xx_hal.o
 .debug_abbrev  0x00000993      0x311 ./Drivers/STM32H5xx_HAL_Driver/Src/stm32h5xx_hal_cortex.o
 .debug_abbrev  0x00000ca4      0x1db ./Drivers/STM32H5xx_HAL_Driver/Src/stm32h5xx_hal_gpio.o
 .debug_abbrev  0x00000e7f      0x28e ./Drivers/STM32H5xx_HAL_Driver/Src/stm32h5xx_hal_rcc.o

.debug_aranges  0x00000000      0x590
 .debug_aranges
                0x00000000       0x38 ./Core/Src/main.o
 .debug_aranges
                0x00000038       0x20 ./Core/Src/stm32h5xx_hal_msp.o
 .debug_aranges
                0x00000058       0x60 ./Core/Src/stm32h5xx_it.o
 .debug_aranges
                0x000000b8       0x28 ./Core/Src/system_stm32h5xx.o
 .debug_aranges
                0x000000e0       0x28 ./Core/Startup/startup_stm32h503rbtx.o
 .debug_aranges
                0x00000108       0x90 ./Drivers/BSP/STM32H5xx_Nucleo/stm32h5xx_nucleo.o
 .debug_aranges
                0x00000198      0x1a0 ./Drivers/STM32H5xx_HAL_Driver/Src/stm32h5xx_hal.o
 .debug_aranges
                0x00000338      0x140 ./Drivers/STM32H5xx_HAL_Driver/Src/stm32h5xx_hal_cortex.o
 .debug_aranges
                0x00000478       0x78 ./Drivers/STM32H5xx_HAL_Driver/Src/stm32h5xx_hal_gpio.o
 .debug_aranges
                0x000004f0       0xa0 ./Drivers/STM32H5xx_HAL_Driver/Src/stm32h5xx_hal_rcc.o

.debug_rnglists
                0x00000000      0x40a
 .debug_rnglists
                0x00000000       0x27 ./Core/Src/main.o
 .debug_rnglists
                0x00000027       0x13 ./Core/Src/stm32h5xx_hal_msp.o
 .debug_rnglists
                0x0000003a       0x43 ./Core/Src/stm32h5xx_it.o
 .debug_rnglists
                0x0000007d       0x1b ./Core/Src/system_stm32h5xx.o
 .debug_rnglists
                0x00000098       0x19 ./Core/Startup/startup_stm32h503rbtx.o
 .debug_rnglists
                0x000000b1       0x69 ./Drivers/BSP/STM32H5xx_Nucleo/stm32h5xx_nucleo.o
 .debug_rnglists
                0x0000011a      0x134 ./Drivers/STM32H5xx_HAL_Driver/Src/stm32h5xx_hal.o
 .debug_rnglists
                0x0000024e       0xec ./Drivers/STM32H5xx_HAL_Driver/Src/stm32h5xx_hal_cortex.o
 .debug_rnglists
                0x0000033a       0x57 ./Drivers/STM32H5xx_HAL_Driver/Src/stm32h5xx_hal_gpio.o
 .debug_rnglists
                0x00000391       0x79 ./Drivers/STM32H5xx_HAL_Driver/Src/stm32h5xx_hal_rcc.o

.debug_macro    0x00000000    0x1e82b
 .debug_macro   0x00000000      0x289 ./Core/Src/main.o
 .debug_macro   0x00000289      0xae4 ./Core/Src/main.o
 .debug_macro   0x00000d6d      0x1c4 ./Core/Src/main.o
 .debug_macro   0x00000f31       0x22 ./Core/Src/main.o
 .debug_macro   0x00000f53       0x5b ./Core/Src/main.o
 .debug_macro   0x00000fae       0x2a ./Core/Src/main.o
 .debug_macro   0x00000fd8       0x94 ./Core/Src/main.o
 .debug_macro   0x0000106c       0x43 ./Core/Src/main.o
 .debug_macro   0x000010af       0x34 ./Core/Src/main.o
 .debug_macro   0x000010e3      0x190 ./Core/Src/main.o
 .debug_macro   0x00001273       0x57 ./Core/Src/main.o
 .debug_macro   0x000012ca      0x370 ./Core/Src/main.o
 .debug_macro   0x0000163a       0x16 ./Core/Src/main.o
 .debug_macro   0x00001650       0x4a ./Core/Src/main.o
 .debug_macro   0x0000169a       0x34 ./Core/Src/main.o
 .debug_macro   0x000016ce       0x10 ./Core/Src/main.o
 .debug_macro   0x000016de       0x58 ./Core/Src/main.o
 .debug_macro   0x00001736       0x8e ./Core/Src/main.o
 .debug_macro   0x000017c4       0x1c ./Core/Src/main.o
 .debug_macro   0x000017e0      0x185 ./Core/Src/main.o
 .debug_macro   0x00001965      0x19b ./Core/Src/main.o
 .debug_macro   0x00001b00       0x28 ./Core/Src/main.o
 .debug_macro   0x00001b28       0x42 ./Core/Src/main.o
 .debug_macro   0x00001b6a      0x103 ./Core/Src/main.o
 .debug_macro   0x00001c6d       0x6a ./Core/Src/main.o
 .debug_macro   0x00001cd7      0x1df ./Core/Src/main.o
 .debug_macro   0x00001eb6       0x1c ./Core/Src/main.o
 .debug_macro   0x00001ed2       0x29 ./Core/Src/main.o
 .debug_macro   0x00001efb       0xfb ./Core/Src/main.o
 .debug_macro   0x00001ff6     0x1685 ./Core/Src/main.o
 .debug_macro   0x0000367b       0x5e ./Core/Src/main.o
 .debug_macro   0x000036d9    0x11feb ./Core/Src/main.o
 .debug_macro   0x000156c4       0x6d ./Core/Src/main.o
 .debug_macro   0x00015731     0x388a ./Core/Src/main.o
 .debug_macro   0x00018fbb       0x63 ./Core/Src/main.o
 .debug_macro   0x0001901e     0x146a ./Core/Src/main.o
 .debug_macro   0x0001a488      0x75e ./Core/Src/main.o
 .debug_macro   0x0001abe6      0x166 ./Core/Src/main.o
 .debug_macro   0x0001ad4c      0x1a6 ./Core/Src/main.o
 .debug_macro   0x0001aef2      0x527 ./Core/Src/main.o
 .debug_macro   0x0001b419      0x40f ./Core/Src/main.o
 .debug_macro   0x0001b828       0xd6 ./Core/Src/main.o
 .debug_macro   0x0001b8fe      0x1cd ./Core/Src/main.o
 .debug_macro   0x0001bacb      0x1c3 ./Core/Src/main.o
 .debug_macro   0x0001bc8e      0x4e8 ./Core/Src/main.o
 .debug_macro   0x0001c176       0x58 ./Core/Src/main.o
 .debug_macro   0x0001c1ce      0x272 ./Core/Src/main.o
 .debug_macro   0x0001c440      0x1a6 ./Core/Src/main.o
 .debug_macro   0x0001c5e6      0x693 ./Core/Src/main.o
 .debug_macro   0x0001cc79       0xa6 ./Core/Src/main.o
 .debug_macro   0x0001cd1f      0x20a ./Core/Src/main.o
 .debug_macro   0x0001cf29      0x38f ./Core/Src/main.o
 .debug_macro   0x0001d2b8       0x22 ./Core/Src/main.o
 .debug_macro   0x0001d2da       0x52 ./Core/Src/main.o
 .debug_macro   0x0001d32c       0x89 ./Core/Src/main.o
 .debug_macro   0x0001d3b5       0x4c ./Core/Src/main.o
 .debug_macro   0x0001d401      0x289 ./Core/Src/stm32h5xx_hal_msp.o
 .debug_macro   0x0001d68a      0x293 ./Core/Src/stm32h5xx_it.o
 .debug_macro   0x0001d91d      0x260 ./Core/Src/system_stm32h5xx.o
 .debug_macro   0x0001db7d      0x286 ./Drivers/BSP/STM32H5xx_Nucleo/stm32h5xx_nucleo.o
 .debug_macro   0x0001de03       0x1c ./Drivers/BSP/STM32H5xx_Nucleo/stm32h5xx_nucleo.o
 .debug_macro   0x0001de1f      0x289 ./Drivers/STM32H5xx_HAL_Driver/Src/stm32h5xx_hal.o
 .debug_macro   0x0001e0a8      0x259 ./Drivers/STM32H5xx_HAL_Driver/Src/stm32h5xx_hal_cortex.o
 .debug_macro   0x0001e301      0x28f ./Drivers/STM32H5xx_HAL_Driver/Src/stm32h5xx_hal_gpio.o
 .debug_macro   0x0001e590      0x29b ./Drivers/STM32H5xx_HAL_Driver/Src/stm32h5xx_hal_rcc.o

.debug_line     0x00000000     0x74d1
 .debug_line    0x00000000      0xa51 ./Core/Src/main.o
 .debug_line    0x00000a51      0x985 ./Core/Src/stm32h5xx_hal_msp.o
 .debug_line    0x000013d6      0xa38 ./Core/Src/stm32h5xx_it.o
 .debug_line    0x00001e0e      0xa90 ./Core/Src/system_stm32h5xx.o
 .debug_line    0x0000289e       0x77 ./Core/Startup/startup_stm32h503rbtx.o
 .debug_line    0x00002915      0xba3 ./Drivers/BSP/STM32H5xx_Nucleo/stm32h5xx_nucleo.o
 .debug_line    0x000034b8      0xef1 ./Drivers/STM32H5xx_HAL_Driver/Src/stm32h5xx_hal.o
 .debug_line    0x000043a9      0xf6f ./Drivers/STM32H5xx_HAL_Driver/Src/stm32h5xx_hal_cortex.o
 .debug_line    0x00005318      0xd29 ./Drivers/STM32H5xx_HAL_Driver/Src/stm32h5xx_hal_gpio.o
 .debug_line    0x00006041     0x1490 ./Drivers/STM32H5xx_HAL_Driver/Src/stm32h5xx_hal_rcc.o

.debug_str      0x00000000    0xbfebb
 .debug_str     0x00000000    0xbfebb ./Core/Src/main.o
                              0xbe46f (size before relaxing)
 .debug_str     0x000bfebb        0x0 ./Core/Src/stm32h5xx_hal_msp.o
                              0xbdda5 (size before relaxing)
 .debug_str     0x000bfebb        0x0 ./Core/Src/stm32h5xx_it.o
                              0xbde42 (size before relaxing)
 .debug_str     0x000bfebb        0x0 ./Core/Src/system_stm32h5xx.o
                              0xbdc43 (size before relaxing)
 .debug_str     0x000bfebb        0x0 ./Core/Startup/startup_stm32h503rbtx.o
                                 0x7c (size before relaxing)
 .debug_str     0x000bfebb        0x0 ./Drivers/BSP/STM32H5xx_Nucleo/stm32h5xx_nucleo.o
                              0xbe820 (size before relaxing)
 .debug_str     0x000bfebb        0x0 ./Drivers/STM32H5xx_HAL_Driver/Src/stm32h5xx_hal.o
                              0xbe7b6 (size before relaxing)
 .debug_str     0x000bfebb        0x0 ./Drivers/STM32H5xx_HAL_Driver/Src/stm32h5xx_hal_cortex.o
                              0xbe520 (size before relaxing)
 .debug_str     0x000bfebb        0x0 ./Drivers/STM32H5xx_HAL_Driver/Src/stm32h5xx_hal_gpio.o
                              0xbdb21 (size before relaxing)
 .debug_str     0x000bfebb        0x0 ./Drivers/STM32H5xx_HAL_Driver/Src/stm32h5xx_hal_rcc.o
                              0xbe183 (size before relaxing)

.comment        0x00000000       0x43
 .comment       0x00000000       0x43 ./Core/Src/main.o
                                 0x44 (size before relaxing)
 .comment       0x00000043        0x0 ./Core/Src/stm32h5xx_hal_msp.o
                                 0x44 (size before relaxing)
 .comment       0x00000043        0x0 ./Core/Src/stm32h5xx_it.o
                                 0x44 (size before relaxing)
 .comment       0x00000043        0x0 ./Core/Src/system_stm32h5xx.o
                                 0x44 (size before relaxing)
 .comment       0x00000043        0x0 ./Drivers/BSP/STM32H5xx_Nucleo/stm32h5xx_nucleo.o
                                 0x44 (size before relaxing)
 .comment       0x00000043        0x0 ./Drivers/STM32H5xx_HAL_Driver/Src/stm32h5xx_hal.o
                                 0x44 (size before relaxing)
 .comment       0x00000043        0x0 ./Drivers/STM32H5xx_HAL_Driver/Src/stm32h5xx_hal_cortex.o
                                 0x44 (size before relaxing)
 .comment       0x00000043        0x0 ./Drivers/STM32H5xx_HAL_Driver/Src/stm32h5xx_hal_gpio.o
                                 0x44 (size before relaxing)
 .comment       0x00000043        0x0 ./Drivers/STM32H5xx_HAL_Driver/Src/stm32h5xx_hal_rcc.o
                                 0x44 (size before relaxing)

.debug_frame    0x00000000     0x14a4
 .debug_frame   0x00000000       0x8c ./Core/Src/main.o
 .debug_frame   0x0000008c       0x30 ./Core/Src/stm32h5xx_hal_msp.o
 .debug_frame   0x000000bc      0x104 ./Core/Src/stm32h5xx_it.o
 .debug_frame   0x000001c0       0x60 ./Core/Src/system_stm32h5xx.o
 .debug_frame   0x00000220      0x21c ./Drivers/BSP/STM32H5xx_Nucleo/stm32h5xx_nucleo.o
 .debug_frame   0x0000043c      0x66c ./Drivers/STM32H5xx_HAL_Driver/Src/stm32h5xx_hal.o
 .debug_frame   0x00000aa8      0x560 ./Drivers/STM32H5xx_HAL_Driver/Src/stm32h5xx_hal_cortex.o
 .debug_frame   0x00001008      0x1ec ./Drivers/STM32H5xx_HAL_Driver/Src/stm32h5xx_hal_gpio.o
 .debug_frame   0x000011f4      0x264 ./Drivers/STM32H5xx_HAL_Driver/Src/stm32h5xx_hal_rcc.o
 .debug_frame   0x00001458       0x20 E:/Program Files/ST/STM32CubeIDE_2.0.0/STM32CubeIDE/plugins/com.st.stm32cube.ide.mcu.externaltools.gnu-tools-for-stm32.13.3.rel1.win32_1.0.100.202509120712/tools/bin/../lib/gcc/arm-none-eabi/13.3.1/../../../../arm-none-eabi/lib/thumb/v8-m.main+fp/hard\libc_nano.a(libc_a-memset.o)
 .debug_frame   0x00001478       0x2c E:/Program Files/ST/STM32CubeIDE_2.0.0/STM32CubeIDE/plugins/com.st.stm32cube.ide.mcu.externaltools.gnu-tools-for-stm32.13.3.rel1.win32_1.0.100.202509120712/tools/bin/../lib/gcc/arm-none-eabi/13.3.1/../../../../arm-none-eabi/lib/thumb/v8-m.main+fp/hard\libc_nano.a(libc_a-init.o)

.debug_line_str
                0x00000000       0x60
 .debug_line_str
                0x00000000       0x60 ./Core/Startup/startup_stm32h503rbtx.o
